// Jest Snapshot v1, https://goo.gl/fbAQLP

exports[`Test @component <Tile /> renders correctly 1`] = `
<View
  className="sc-bdfBQB cbLhkM"
>
  <ViewManagerAdapter_ExpoLinearGradient
    proxiedProperties={
      Object {
        "className": "sc-gsTEea hVDAoW",
        "color": "#0D0D0D",
        "colors": Array [
          2852982029,
          4279045389,
        ],
        "endPoint": undefined,
        "locations": undefined,
        "startPoint": undefined,
      }
    }
  >
    <Text>
      title
    </Text>
  </ViewManagerAdapter_ExpoLinearGradient>
</View>
`;
